Started GET "/" for 127.0.0.1 at 2025-02-15 14:43:02 -0600
  [1m[36mActiveRecord::SchemaMigration Load (2.5ms)[0m  [1m[34mSELECT "schema_migrations"."version" FROM "schema_migrations" ORDER BY "schema_migrations"."version" ASC /*application='RobertLightFoot'*/[0m
Processing by SessionsController#new as HTML
  Rendering layout layouts/application.html.erb
  Rendering sessions/new.html.erb within layouts/application
  Rendered sessions/new.html.erb within layouts/application (Duration: 10.3ms | GC: 0.0ms)
  Rendered layout layouts/application.html.erb (Duration: 43.5ms | GC: 14.6ms)
Completed 200 OK in 274ms (Views: 57.1ms | ActiveRecord: 0.0ms (0 queries, 0 cached) | GC: 14.6ms)


Started GET "/assets/sessions-0424112a.css" for 127.0.0.1 at 2025-02-15 14:43:03 -0600
Started GET "/assets/turbo.min-fae85750.js" for 127.0.0.1 at 2025-02-15 14:43:03 -0600
Started GET "/assets/stimulus.min-4b1e420e.js" for 127.0.0.1 at 2025-02-15 14:43:03 -0600
Started GET "/assets/controllers/hello_controller-708796bd.js" for 127.0.0.1 at 2025-02-15 14:43:03 -0600
Started GET "/assets/controllers/index-ee64e1f1.js" for 127.0.0.1 at 2025-02-15 14:43:03 -0600
Started GET "/assets/application-bfcdf840.js" for 127.0.0.1 at 2025-02-15 14:43:03 -0600
Started GET "/assets/stimulus-loading-1fc53fe7.js" for 127.0.0.1 at 2025-02-15 14:43:03 -0600
Started GET "/assets/controllers/application-3affb389.js" for 127.0.0.1 at 2025-02-15 14:43:03 -0600
Started GET "/signup" for 127.0.0.1 at 2025-02-15 14:43:06 -0600
Processing by UsersController#new as HTML
  Rendering layout layouts/application.html.erb
  Rendering users/new.html.erb within layouts/application
  Rendered users/new.html.erb within layouts/application (Duration: 36.1ms | GC: 0.0ms)
  Rendered layout layouts/application.html.erb (Duration: 39.2ms | GC: 0.0ms)
Completed 200 OK in 203ms (Views: 40.6ms | ActiveRecord: 3.3ms (0 queries, 0 cached) | GC: 2.4ms)


Started GET "/assets/users-9a290c30.css" for 127.0.0.1 at 2025-02-15 14:43:06 -0600
Started GET "/signup" for 127.0.0.1 at 2025-02-15 14:43:06 -0600
Processing by UsersController#new as HTML
  Rendering layout layouts/application.html.erb
  Rendering users/new.html.erb within layouts/application
  Rendered users/new.html.erb within layouts/application (Duration: 14.1ms | GC: 0.0ms)
  Rendered layout layouts/application.html.erb (Duration: 16.4ms | GC: 0.0ms)
Completed 200 OK in 176ms (Views: 16.9ms | ActiveRecord: 0.0ms (0 queries, 0 cached) | GC: 0.0ms)


Started POST "/signup" for 127.0.0.1 at 2025-02-15 14:43:19 -0600
Processing by UsersController#create as HTML
  Parameters: {"authenticity_token"=>"[FILTERED]", "user"=>{"name"=>"Khush", "email"=>"[FILTERED]", "password"=>"[FILTERED]", "password_confirmation"=>"[FILTERED]"}, "commit"=>"Sign Up"}
  [1m[36mTRANSACTION (0.7ms)[0m  [1m[35mBEGIN immediate TRANSACTION /*action='create',application='RobertLightFoot',controller='users'*/[0m
  ↳ app/controllers/users_controller.rb:8:in `create'
  [1m[36mUser Exists? (14.4ms)[0m  [1m[34mSELECT 1 AS one FROM "users" WHERE "users"."email" = 'khush@g.com' LIMIT 1 /*action='create',application='RobertLightFoot',controller='users'*/[0m
  ↳ app/controllers/users_controller.rb:8:in `create'
  [1m[36mTRANSACTION (0.1ms)[0m  [1m[31mROLLBACK TRANSACTION /*action='create',application='RobertLightFoot',controller='users'*/[0m
  ↳ app/controllers/users_controller.rb:8:in `create'
  Rendering layout layouts/application.html.erb
  Rendering users/new.html.erb within layouts/application
  Rendered users/new.html.erb within layouts/application (Duration: 5.7ms | GC: 0.4ms)
  Rendered layout layouts/application.html.erb (Duration: 8.2ms | GC: 0.4ms)
Completed 422 Unprocessable Content in 448ms (Views: 10.8ms | ActiveRecord: 14.5ms (1 query, 0 cached) | GC: 0.8ms)


Started POST "/signup" for 127.0.0.1 at 2025-02-15 14:43:33 -0600
Processing by UsersController#create as HTML
  Parameters: {"authenticity_token"=>"[FILTERED]", "user"=>{"name"=>"Khush", "email"=>"[FILTERED]", "password"=>"[FILTERED]", "password_confirmation"=>"[FILTERED]"}, "commit"=>"Sign Up"}
  [1m[36mTRANSACTION (0.1ms)[0m  [1m[35mBEGIN immediate TRANSACTION /*action='create',application='RobertLightFoot',controller='users'*/[0m
  ↳ app/controllers/users_controller.rb:8:in `create'
  [1m[36mUser Exists? (1.6ms)[0m  [1m[34mSELECT 1 AS one FROM "users" WHERE "users"."email" = 'khush@g.com' LIMIT 1 /*action='create',application='RobertLightFoot',controller='users'*/[0m
  ↳ app/controllers/users_controller.rb:8:in `create'
  [1m[36mTRANSACTION (0.0ms)[0m  [1m[31mROLLBACK TRANSACTION /*action='create',application='RobertLightFoot',controller='users'*/[0m
  ↳ app/controllers/users_controller.rb:8:in `create'
  Rendering layout layouts/application.html.erb
  Rendering users/new.html.erb within layouts/application
  Rendered users/new.html.erb within layouts/application (Duration: 4.1ms | GC: 0.0ms)
  Rendered layout layouts/application.html.erb (Duration: 5.5ms | GC: 0.0ms)
Completed 422 Unprocessable Content in 490ms (Views: 6.6ms | ActiveRecord: 1.7ms (1 query, 0 cached) | GC: 0.3ms)


Started POST "/signup" for 127.0.0.1 at 2025-02-15 14:43:48 -0600
Processing by UsersController#create as HTML
  Parameters: {"authenticity_token"=>"[FILTERED]", "user"=>{"name"=>"Khush", "email"=>"[FILTERED]", "password"=>"[FILTERED]", "password_confirmation"=>"[FILTERED]"}, "commit"=>"Sign Up"}
  [1m[36mTRANSACTION (0.1ms)[0m  [1m[35mBEGIN immediate TRANSACTION /*action='create',application='RobertLightFoot',controller='users'*/[0m
  ↳ app/controllers/users_controller.rb:8:in `create'
  [1m[36mUser Exists? (1.8ms)[0m  [1m[34mSELECT 1 AS one FROM "users" WHERE "users"."email" = 'khush@gmail.com' LIMIT 1 /*action='create',application='RobertLightFoot',controller='users'*/[0m
  ↳ app/controllers/users_controller.rb:8:in `create'
  [1m[36mUser Create (0.2ms)[0m  [1m[32mINSERT INTO "users" ("created_at", "updated_at", "name", "email", "password_digest", "bins_count") VALUES ('2025-02-15 20:43:48.865587', '2025-02-15 20:43:48.865587', 'Khush', 'khush@gmail.com', '$2a$12$ZwIlGrBFXqnciVsjnPeZIuihVo/9G3Jr3L9yxGqeNrariTZOwecEO', 0) RETURNING "id" /*action='create',application='RobertLightFoot',controller='users'*/[0m
  ↳ app/controllers/users_controller.rb:8:in `create'
  [1m[36mTRANSACTION (1.7ms)[0m  [1m[35mCOMMIT TRANSACTION /*action='create',application='RobertLightFoot',controller='users'*/[0m
  ↳ app/controllers/users_controller.rb:8:in `create'
Redirected to http://127.0.0.1:3000/dashboard
Completed 302 Found in 408ms (ActiveRecord: 3.9ms (2 queries, 0 cached) | GC: 0.0ms)


Started GET "/dashboard" for 127.0.0.1 at 2025-02-15 14:43:48 -0600
Processing by DashboardController#index as HTML
Redirected to http://127.0.0.1:3000/login
Filter chain halted as :require_login rendered or redirected
Completed 302 Found in 66ms (ActiveRecord: 0.0ms (0 queries, 0 cached) | GC: 0.0ms)


Started GET "/login" for 127.0.0.1 at 2025-02-15 14:43:49 -0600
Processing by SessionsController#new as HTML
  Rendering layout layouts/application.html.erb
  Rendering sessions/new.html.erb within layouts/application
  Rendered sessions/new.html.erb within layouts/application (Duration: 1.1ms | GC: 0.0ms)
  Rendered layout layouts/application.html.erb (Duration: 1.8ms | GC: 0.0ms)
Completed 200 OK in 91ms (Views: 2.6ms | ActiveRecord: 0.0ms (0 queries, 0 cached) | GC: 0.0ms)


Started POST "/login" for 127.0.0.1 at 2025-02-15 14:43:56 -0600
Processing by SessionsController#create as TURBO_STREAM
  Parameters: {"email"=>"[FILTERED]", "password"=>"[FILTERED]"}
  [1m[36mUser Load (0.1ms)[0m  [1m[34mSELECT "users".* FROM "users" WHERE "users"."email" = 'khush@gmail.com' LIMIT 1 /*action='create',application='RobertLightFoot',controller='sessions'*/[0m
  ↳ app/controllers/sessions_controller.rb:7:in `create'
Redirected to http://127.0.0.1:3000/dashboard
Completed 302 Found in 364ms (ActiveRecord: 0.1ms (1 query, 0 cached) | GC: 0.0ms)


Started GET "/dashboard" for 127.0.0.1 at 2025-02-15 14:43:56 -0600
Processing by DashboardController#index as TURBO_STREAM
  [1m[36mUser Load (0.1ms)[0m  [1m[34mSELECT "users".* FROM "users" WHERE "users"."id" = 1 LIMIT 1 /*action='index',application='RobertLightFoot',controller='dashboard'*/[0m
  ↳ app/controllers/application_controller.rb:11:in `current_user'
  [1m[36mBin Count (0.1ms)[0m  [1m[34mSELECT COUNT(*) FROM "bins" WHERE "bins"."user_id" = 1 /*action='index',application='RobertLightFoot',controller='dashboard'*/[0m
  ↳ app/controllers/dashboard_controller.rb:7:in `index'
  Rendering layout layouts/application.html.erb
  Rendering dashboard/index.html.erb within layouts/application
  Rendered dashboard/index.html.erb within layouts/application (Duration: 3.9ms | GC: 0.0ms)
  Rendered layout layouts/application.html.erb (Duration: 6.5ms | GC: 0.0ms)
Completed 200 OK in 174ms (Views: 8.7ms | ActiveRecord: 1.0ms (2 queries, 0 cached) | GC: 1.1ms)


Started GET "/assets/dashboard-345ad984.css" for 127.0.0.1 at 2025-02-15 14:43:56 -0600
Started GET "/dashboard" for 127.0.0.1 at 2025-02-15 14:43:57 -0600
Processing by DashboardController#index as HTML
  [1m[36mUser Load (0.1ms)[0m  [1m[34mSELECT "users".* FROM "users" WHERE "users"."id" = 1 LIMIT 1 /*action='index',application='RobertLightFoot',controller='dashboard'*/[0m
  ↳ app/controllers/application_controller.rb:11:in `current_user'
  [1m[36mBin Count (0.1ms)[0m  [1m[34mSELECT COUNT(*) FROM "bins" WHERE "bins"."user_id" = 1 /*action='index',application='RobertLightFoot',controller='dashboard'*/[0m
  ↳ app/controllers/dashboard_controller.rb:7:in `index'
  Rendering layout layouts/application.html.erb
  Rendering dashboard/index.html.erb within layouts/application
  Rendered dashboard/index.html.erb within layouts/application (Duration: 0.9ms | GC: 0.0ms)
  Rendered layout layouts/application.html.erb (Duration: 3.3ms | GC: 0.0ms)
Completed 200 OK in 89ms (Views: 3.7ms | ActiveRecord: 0.3ms (2 queries, 0 cached) | GC: 9.4ms)


Started GET "/items" for 127.0.0.1 at 2025-02-15 14:44:01 -0600
Processing by ItemsController#index as HTML
  [1m[36mUser Load (0.1ms)[0m  [1m[34mSELECT "users".* FROM "users" WHERE "users"."id" = 1 LIMIT 1 /*action='index',application='RobertLightFoot',controller='items'*/[0m
  ↳ app/controllers/application_controller.rb:11:in `current_user'
  Rendering layout layouts/application.html.erb
  Rendering items/index.html.erb within layouts/application
  [1m[36mItem Load (0.1ms)[0m  [1m[34mSELECT "items".* FROM "items" INNER JOIN "bins" ON "bins"."id" = "items"."bin_id" WHERE "bins"."user_id" = 1 /*action='index',application='RobertLightFoot',controller='items'*/[0m
  ↳ app/views/items/index.html.erb:8
  Rendered items/index.html.erb within layouts/application (Duration: 17.3ms | GC: 0.7ms)
  Rendered layout layouts/application.html.erb (Duration: 22.0ms | GC: 0.7ms)
Completed 200 OK in 98ms (Views: 22.7ms | ActiveRecord: 1.0ms (2 queries, 0 cached) | GC: 2.0ms)


Started GET "/assets/items-51b15dba.css" for 127.0.0.1 at 2025-02-15 14:44:02 -0600
Started GET "/items" for 127.0.0.1 at 2025-02-15 14:44:02 -0600
Processing by ItemsController#index as HTML
  [1m[36mUser Load (1.0ms)[0m  [1m[34mSELECT "users".* FROM "users" WHERE "users"."id" = 1 LIMIT 1 /*action='index',application='RobertLightFoot',controller='items'*/[0m
  ↳ app/controllers/application_controller.rb:11:in `current_user'
  Rendering layout layouts/application.html.erb
  Rendering items/index.html.erb within layouts/application
  [1m[36mItem Load (0.1ms)[0m  [1m[34mSELECT "items".* FROM "items" INNER JOIN "bins" ON "bins"."id" = "items"."bin_id" WHERE "bins"."user_id" = 1 /*action='index',application='RobertLightFoot',controller='items'*/[0m
  ↳ app/views/items/index.html.erb:8
  Rendered items/index.html.erb within layouts/application (Duration: 3.9ms | GC: 0.5ms)
  Rendered layout layouts/application.html.erb (Duration: 4.7ms | GC: 0.5ms)
Completed 200 OK in 70ms (Views: 6.4ms | ActiveRecord: 2.3ms (2 queries, 0 cached) | GC: 0.5ms)


Started GET "/items/new" for 127.0.0.1 at 2025-02-15 14:44:03 -0600
Processing by ItemsController#new as HTML
  [1m[36mUser Load (0.7ms)[0m  [1m[34mSELECT "users".* FROM "users" WHERE "users"."id" = 1 LIMIT 1 /*action='new',application='RobertLightFoot',controller='items'*/[0m
  ↳ app/controllers/application_controller.rb:11:in `current_user'
  Rendering layout layouts/application.html.erb
  Rendering items/new.html.erb within layouts/application
  Rendered items/_form.html.erb (Duration: 33.8ms | GC: 0.0ms)
  Rendered items/new.html.erb within layouts/application (Duration: 35.3ms | GC: 0.0ms)
  Rendered layout layouts/application.html.erb (Duration: 36.8ms | GC: 0.0ms)
Completed 200 OK in 105ms (Views: 37.5ms | ActiveRecord: 0.7ms (1 query, 0 cached) | GC: 0.0ms)


Started GET "/dashboard" for 127.0.0.1 at 2025-02-15 14:44:03 -0600
Processing by DashboardController#index as HTML
  [1m[36mUser Load (0.1ms)[0m  [1m[34mSELECT "users".* FROM "users" WHERE "users"."id" = 1 LIMIT 1 /*action='index',application='RobertLightFoot',controller='dashboard'*/[0m
  ↳ app/controllers/application_controller.rb:11:in `current_user'
  [1m[36mBin Count (0.2ms)[0m  [1m[34mSELECT COUNT(*) FROM "bins" WHERE "bins"."user_id" = 1 /*action='index',application='RobertLightFoot',controller='dashboard'*/[0m
  ↳ app/controllers/dashboard_controller.rb:7:in `index'
  Rendering layout layouts/application.html.erb
  Rendering dashboard/index.html.erb within layouts/application
  Rendered dashboard/index.html.erb within layouts/application (Duration: 10.1ms | GC: 7.3ms)
  Rendered layout layouts/application.html.erb (Duration: 13.4ms | GC: 7.3ms)
Completed 200 OK in 82ms (Views: 15.9ms | ActiveRecord: 0.3ms (2 queries, 0 cached) | GC: 7.3ms)


Started GET "/dashboard" for 127.0.0.1 at 2025-02-15 14:44:04 -0600
Processing by DashboardController#index as HTML
  [1m[36mUser Load (0.2ms)[0m  [1m[34mSELECT "users".* FROM "users" WHERE "users"."id" = 1 LIMIT 1 /*action='index',application='RobertLightFoot',controller='dashboard'*/[0m
  ↳ app/controllers/application_controller.rb:11:in `current_user'
  [1m[36mBin Count (0.1ms)[0m  [1m[34mSELECT COUNT(*) FROM "bins" WHERE "bins"."user_id" = 1 /*action='index',application='RobertLightFoot',controller='dashboard'*/[0m
  ↳ app/controllers/dashboard_controller.rb:7:in `index'
  Rendering layout layouts/application.html.erb
  Rendering dashboard/index.html.erb within layouts/application
  Rendered dashboard/index.html.erb within layouts/application (Duration: 1.5ms | GC: 0.0ms)
  Rendered layout layouts/application.html.erb (Duration: 3.2ms | GC: 0.0ms)
Completed 200 OK in 81ms (Views: 4.6ms | ActiveRecord: 0.3ms (2 queries, 0 cached) | GC: 0.0ms)


Started GET "/bins" for 127.0.0.1 at 2025-02-15 14:44:05 -0600
Processing by BinsController#index as HTML
  [1m[36mUser Load (15.3ms)[0m  [1m[34mSELECT "users".* FROM "users" WHERE "users"."id" = 1 LIMIT 1 /*action='index',application='RobertLightFoot',controller='bins'*/[0m
  ↳ app/controllers/application_controller.rb:11:in `current_user'
  Rendering layout layouts/application.html.erb
  Rendering bins/index.html.erb within layouts/application
  Rendered bins/index.html.erb within layouts/application (Duration: 8.4ms | GC: 0.9ms)
  Rendered layout layouts/application.html.erb (Duration: 11.3ms | GC: 0.9ms)
Completed 200 OK in 113ms (Views: 12.7ms | ActiveRecord: 15.3ms (1 query, 0 cached) | GC: 0.9ms)


Started GET "/assets/bins-648844f0.css" for 127.0.0.1 at 2025-02-15 14:44:05 -0600
Started GET "/bins" for 127.0.0.1 at 2025-02-15 14:44:05 -0600
Processing by BinsController#index as HTML
  [1m[36mUser Load (0.2ms)[0m  [1m[34mSELECT "users".* FROM "users" WHERE "users"."id" = 1 LIMIT 1 /*action='index',application='RobertLightFoot',controller='bins'*/[0m
  ↳ app/controllers/application_controller.rb:11:in `current_user'
  Rendering layout layouts/application.html.erb
  Rendering bins/index.html.erb within layouts/application
  Rendered bins/index.html.erb within layouts/application (Duration: 0.8ms | GC: 0.0ms)
  Rendered layout layouts/application.html.erb (Duration: 2.5ms | GC: 0.0ms)
Completed 200 OK in 84ms (Views: 4.3ms | ActiveRecord: 0.2ms (1 query, 0 cached) | GC: 0.3ms)


Started GET "/dashboard" for 127.0.0.1 at 2025-02-15 14:44:06 -0600
Processing by DashboardController#index as HTML
  [1m[36mUser Load (0.2ms)[0m  [1m[34mSELECT "users".* FROM "users" WHERE "users"."id" = 1 LIMIT 1 /*action='index',application='RobertLightFoot',controller='dashboard'*/[0m
  ↳ app/controllers/application_controller.rb:11:in `current_user'
  [1m[36mBin Count (1.6ms)[0m  [1m[34mSELECT COUNT(*) FROM "bins" WHERE "bins"."user_id" = 1 /*action='index',application='RobertLightFoot',controller='dashboard'*/[0m
  ↳ app/controllers/dashboard_controller.rb:7:in `index'
  Rendering layout layouts/application.html.erb
  Rendering dashboard/index.html.erb within layouts/application
  Rendered dashboard/index.html.erb within layouts/application (Duration: 7.8ms | GC: 3.1ms)
  Rendered layout layouts/application.html.erb (Duration: 40.4ms | GC: 5.5ms)
Completed 200 OK in 191ms (Views: 44.7ms | ActiveRecord: 1.8ms (2 queries, 0 cached) | GC: 24.4ms)


Started GET "/dashboard" for 127.0.0.1 at 2025-02-15 14:44:07 -0600
Processing by DashboardController#index as HTML
  [1m[36mUser Load (0.6ms)[0m  [1m[34mSELECT "users".* FROM "users" WHERE "users"."id" = 1 LIMIT 1 /*action='index',application='RobertLightFoot',controller='dashboard'*/[0m
  ↳ app/controllers/application_controller.rb:11:in `current_user'
  [1m[36mBin Count (0.1ms)[0m  [1m[34mSELECT COUNT(*) FROM "bins" WHERE "bins"."user_id" = 1 /*action='index',application='RobertLightFoot',controller='dashboard'*/[0m
  ↳ app/controllers/dashboard_controller.rb:7:in `index'
  Rendering layout layouts/application.html.erb
  Rendering dashboard/index.html.erb within layouts/application
  Rendered dashboard/index.html.erb within layouts/application (Duration: 1.3ms | GC: 0.0ms)
  Rendered layout layouts/application.html.erb (Duration: 2.2ms | GC: 0.0ms)
Completed 200 OK in 114ms (Views: 4.7ms | ActiveRecord: 0.2ms (2 queries, 0 cached) | GC: 18.1ms)


Started GET "/dashboard" for 127.0.0.1 at 2025-02-15 14:44:07 -0600
Processing by DashboardController#index as HTML
  [1m[36mUser Load (0.1ms)[0m  [1m[34mSELECT "users".* FROM "users" WHERE "users"."id" = 1 LIMIT 1 /*action='index',application='RobertLightFoot',controller='dashboard'*/[0m
  ↳ app/controllers/application_controller.rb:11:in `current_user'
  [1m[36mBin Count (0.1ms)[0m  [1m[34mSELECT COUNT(*) FROM "bins" WHERE "bins"."user_id" = 1 /*action='index',application='RobertLightFoot',controller='dashboard'*/[0m
  ↳ app/controllers/dashboard_controller.rb:7:in `index'
  Rendering layout layouts/application.html.erb
  Rendering dashboard/index.html.erb within layouts/application
  Rendered dashboard/index.html.erb within layouts/application (Duration: 1.1ms | GC: 0.0ms)
  Rendered layout layouts/application.html.erb (Duration: 5.3ms | GC: 1.0ms)
Completed 200 OK in 78ms (Views: 8.4ms | ActiveRecord: 0.2ms (2 queries, 0 cached) | GC: 1.0ms)


Started GET "/items" for 127.0.0.1 at 2025-02-15 14:44:25 -0600
Processing by ItemsController#index as HTML
  [1m[36mUser Load (0.1ms)[0m  [1m[34mSELECT "users".* FROM "users" WHERE "users"."id" = 1 LIMIT 1 /*action='index',application='RobertLightFoot',controller='items'*/[0m
  ↳ app/controllers/application_controller.rb:11:in `current_user'
  Rendering layout layouts/application.html.erb
  Rendering items/index.html.erb within layouts/application
  [1m[36mItem Load (0.1ms)[0m  [1m[34mSELECT "items".* FROM "items" INNER JOIN "bins" ON "bins"."id" = "items"."bin_id" WHERE "bins"."user_id" = 1 /*action='index',application='RobertLightFoot',controller='items'*/[0m
  ↳ app/views/items/index.html.erb:8
  Rendered items/index.html.erb within layouts/application (Duration: 2.9ms | GC: 0.0ms)
  Rendered layout layouts/application.html.erb (Duration: 4.1ms | GC: 0.0ms)
Completed 200 OK in 76ms (Views: 5.5ms | ActiveRecord: 0.2ms (2 queries, 0 cached) | GC: 0.0ms)


Started GET "/bins" for 127.0.0.1 at 2025-02-15 14:44:26 -0600
Processing by BinsController#index as HTML
  [1m[36mUser Load (0.1ms)[0m  [1m[34mSELECT "users".* FROM "users" WHERE "users"."id" = 1 LIMIT 1 /*action='index',application='RobertLightFoot',controller='bins'*/[0m
  ↳ app/controllers/application_controller.rb:11:in `current_user'
  Rendering layout layouts/application.html.erb
  Rendering bins/index.html.erb within layouts/application
  Rendered bins/index.html.erb within layouts/application (Duration: 0.8ms | GC: 0.0ms)
  Rendered layout layouts/application.html.erb (Duration: 2.0ms | GC: 0.0ms)
Completed 200 OK in 65ms (Views: 2.7ms | ActiveRecord: 0.1ms (1 query, 0 cached) | GC: 0.0ms)


Started GET "/bins" for 127.0.0.1 at 2025-02-15 14:44:26 -0600
Processing by BinsController#index as HTML
  [1m[36mUser Load (0.3ms)[0m  [1m[34mSELECT "users".* FROM "users" WHERE "users"."id" = 1 LIMIT 1 /*action='index',application='RobertLightFoot',controller='bins'*/[0m
  ↳ app/controllers/application_controller.rb:11:in `current_user'
  Rendering layout layouts/application.html.erb
  Rendering bins/index.html.erb within layouts/application
  Rendered bins/index.html.erb within layouts/application (Duration: 1.0ms | GC: 0.0ms)
  Rendered layout layouts/application.html.erb (Duration: 1.9ms | GC: 0.0ms)
Completed 200 OK in 71ms (Views: 2.3ms | ActiveRecord: 0.3ms (1 query, 0 cached) | GC: 0.0ms)


Started GET "/items" for 127.0.0.1 at 2025-02-15 14:44:27 -0600
Processing by ItemsController#index as HTML
  [1m[36mUser Load (0.1ms)[0m  [1m[34mSELECT "users".* FROM "users" WHERE "users"."id" = 1 LIMIT 1 /*action='index',application='RobertLightFoot',controller='items'*/[0m
  ↳ app/controllers/application_controller.rb:11:in `current_user'
  Rendering layout layouts/application.html.erb
  Rendering items/index.html.erb within layouts/application
  [1m[36mItem Load (0.1ms)[0m  [1m[34mSELECT "items".* FROM "items" INNER JOIN "bins" ON "bins"."id" = "items"."bin_id" WHERE "bins"."user_id" = 1 /*action='index',application='RobertLightFoot',controller='items'*/[0m
  ↳ app/views/items/index.html.erb:8
  Rendered items/index.html.erb within layouts/application (Duration: 6.0ms | GC: 0.0ms)
  Rendered layout layouts/application.html.erb (Duration: 6.6ms | GC: 0.0ms)
Completed 200 OK in 71ms (Views: 7.0ms | ActiveRecord: 0.2ms (2 queries, 0 cached) | GC: 0.0ms)


Started GET "/items" for 127.0.0.1 at 2025-02-15 14:44:27 -0600
Processing by ItemsController#index as HTML
  [1m[36mUser Load (0.1ms)[0m  [1m[34mSELECT "users".* FROM "users" WHERE "users"."id" = 1 LIMIT 1 /*action='index',application='RobertLightFoot',controller='items'*/[0m
  ↳ app/controllers/application_controller.rb:11:in `current_user'
  Rendering layout layouts/application.html.erb
  Rendering items/index.html.erb within layouts/application
  [1m[36mItem Load (0.1ms)[0m  [1m[34mSELECT "items".* FROM "items" INNER JOIN "bins" ON "bins"."id" = "items"."bin_id" WHERE "bins"."user_id" = 1 /*action='index',application='RobertLightFoot',controller='items'*/[0m
  ↳ app/views/items/index.html.erb:8
  Rendered items/index.html.erb within layouts/application (Duration: 26.3ms | GC: 0.0ms)
  Rendered layout layouts/application.html.erb (Duration: 27.0ms | GC: 0.0ms)
Completed 200 OK in 94ms (Views: 27.2ms | ActiveRecord: 0.2ms (2 queries, 0 cached) | GC: 0.0ms)


Started GET "/dashboard" for 127.0.0.1 at 2025-02-15 14:44:28 -0600
Processing by DashboardController#index as HTML
Started GET "/items/new" for 127.0.0.1 at 2025-02-15 14:44:28 -0600
Processing by ItemsController#new as HTML
  [1m[36mUser Load (0.2ms)[0m  [1m[34mSELECT "users".* FROM "users" WHERE "users"."id" = 1 LIMIT 1 /*action='index',application='RobertLightFoot',controller='dashboard'*/[0m
  ↳ app/controllers/application_controller.rb:11:in `current_user'
  [1m[36mBin Count (0.2ms)[0m  [1m[34mSELECT COUNT(*) FROM "bins" WHERE "bins"."user_id" = 1 /*action='index',application='RobertLightFoot',controller='dashboard'*/[0m
  ↳ app/controllers/dashboard_controller.rb:7:in `index'
  Rendering layout layouts/application.html.erb
  Rendering dashboard/index.html.erb within layouts/application
  Rendered dashboard/index.html.erb within layouts/application (Duration: 1.3ms | GC: 0.0ms)
  Rendered layout layouts/application.html.erb (Duration: 2.3ms | GC: 0.0ms)
Completed 200 OK in 275ms (Views: 4.6ms | ActiveRecord: 0.3ms (2 queries, 0 cached) | GC: 0.0ms)


  [1m[36mUser Load (0.1ms)[0m  [1m[34mSELECT "users".* FROM "users" WHERE "users"."id" = 1 LIMIT 1 /*action='new',application='RobertLightFoot',controller='items'*/[0m
  ↳ app/controllers/application_controller.rb:11:in `current_user'
  Rendering layout layouts/application.html.erb
  Rendering items/new.html.erb within layouts/application
  Rendered items/_form.html.erb (Duration: 45.1ms | GC: 0.0ms)
  Rendered items/new.html.erb within layouts/application (Duration: 46.5ms | GC: 0.0ms)
  Rendered layout layouts/application.html.erb (Duration: 47.7ms | GC: 0.0ms)
Completed 200 OK in 188ms (Views: 48.1ms | ActiveRecord: 0.1ms (1 query, 0 cached) | GC: 0.0ms)


Started POST "/items" for 127.0.0.1 at 2025-02-15 14:44:47 -0600
Processing by ItemsController#create as TURBO_STREAM
  Parameters: {"authenticity_token"=>"[FILTERED]", "item"=>{"name"=>"Toy", "description"=>"ty", "created_date"=>"12/2/2024", "value"=>"10", "bin_id"=>"12"}, "commit"=>"Create Item"}
  [1m[36mUser Load (0.1ms)[0m  [1m[34mSELECT "users".* FROM "users" WHERE "users"."id" = 1 LIMIT 1 /*action='create',application='RobertLightFoot',controller='items'*/[0m
  ↳ app/controllers/application_controller.rb:11:in `current_user'
  [1m[36mBin Load (0.1ms)[0m  [1m[34mSELECT "bins".* FROM "bins" WHERE "bins"."user_id" = 1 AND "bins"."id" = 12 LIMIT 1 /*action='create',application='RobertLightFoot',controller='items'*/[0m
  ↳ app/controllers/items_controller.rb:28:in `create'
Redirected to http://127.0.0.1:3000/items
Completed 302 Found in 74ms (ActiveRecord: 0.2ms (2 queries, 0 cached) | GC: 0.0ms)


Started GET "/items" for 127.0.0.1 at 2025-02-15 14:44:47 -0600
Processing by ItemsController#index as TURBO_STREAM
  [1m[36mUser Load (0.1ms)[0m  [1m[34mSELECT "users".* FROM "users" WHERE "users"."id" = 1 LIMIT 1 /*action='index',application='RobertLightFoot',controller='items'*/[0m
  ↳ app/controllers/application_controller.rb:11:in `current_user'
  Rendering layout layouts/application.html.erb
  Rendering items/index.html.erb within layouts/application
  [1m[36mItem Load (0.1ms)[0m  [1m[34mSELECT "items".* FROM "items" INNER JOIN "bins" ON "bins"."id" = "items"."bin_id" WHERE "bins"."user_id" = 1 /*action='index',application='RobertLightFoot',controller='items'*/[0m
  ↳ app/views/items/index.html.erb:8
  Rendered items/index.html.erb within layouts/application (Duration: 15.9ms | GC: 0.0ms)
  Rendered layout layouts/application.html.erb (Duration: 16.7ms | GC: 0.0ms)
Completed 200 OK in 80ms (Views: 17.2ms | ActiveRecord: 0.2ms (2 queries, 0 cached) | GC: 0.0ms)


Started GET "/items/new" for 127.0.0.1 at 2025-02-15 14:44:49 -0600
Processing by ItemsController#new as HTML
Started GET "/dashboard" for 127.0.0.1 at 2025-02-15 14:44:49 -0600
Processing by DashboardController#index as HTML
  [1m[36mUser Load (0.1ms)[0m  [1m[34mSELECT "users".* FROM "users" WHERE "users"."id" = 1 LIMIT 1 /*action='new',application='RobertLightFoot',controller='items'*/[0m
  ↳ app/controllers/application_controller.rb:11:in `current_user'
  Rendering layout layouts/application.html.erb
  Rendering items/new.html.erb within layouts/application
  Rendered items/_form.html.erb (Duration: 8.9ms | GC: 0.0ms)
  Rendered items/new.html.erb within layouts/application (Duration: 10.1ms | GC: 0.0ms)
  Rendered layout layouts/application.html.erb (Duration: 12.7ms | GC: 0.0ms)
Completed 200 OK in 107ms (Views: 13.1ms | ActiveRecord: 0.4ms (1 query, 0 cached) | GC: 0.0ms)


  [1m[36mUser Load (0.1ms)[0m  [1m[34mSELECT "users".* FROM "users" WHERE "users"."id" = 1 LIMIT 1 /*action='index',application='RobertLightFoot',controller='dashboard'*/[0m
  ↳ app/controllers/application_controller.rb:11:in `current_user'
  [1m[36mBin Count (0.1ms)[0m  [1m[34mSELECT COUNT(*) FROM "bins" WHERE "bins"."user_id" = 1 /*action='index',application='RobertLightFoot',controller='dashboard'*/[0m
  ↳ app/controllers/dashboard_controller.rb:7:in `index'
  Rendering layout layouts/application.html.erb
  Rendering dashboard/index.html.erb within layouts/application
  Rendered dashboard/index.html.erb within layouts/application (Duration: 0.8ms | GC: 0.0ms)
  Rendered layout layouts/application.html.erb (Duration: 1.4ms | GC: 0.0ms)
Completed 200 OK in 110ms (Views: 2.3ms | ActiveRecord: 0.2ms (2 queries, 0 cached) | GC: 0.0ms)


Started GET "/dashboard" for 127.0.0.1 at 2025-02-15 14:44:49 -0600
Processing by DashboardController#index as HTML
  [1m[36mUser Load (0.1ms)[0m  [1m[34mSELECT "users".* FROM "users" WHERE "users"."id" = 1 LIMIT 1 /*action='index',application='RobertLightFoot',controller='dashboard'*/[0m
  ↳ app/controllers/application_controller.rb:11:in `current_user'
  [1m[36mBin Count (0.1ms)[0m  [1m[34mSELECT COUNT(*) FROM "bins" WHERE "bins"."user_id" = 1 /*action='index',application='RobertLightFoot',controller='dashboard'*/[0m
  ↳ app/controllers/dashboard_controller.rb:7:in `index'
  Rendering layout layouts/application.html.erb
  Rendering dashboard/index.html.erb within layouts/application
  Rendered dashboard/index.html.erb within layouts/application (Duration: 0.6ms | GC: 0.0ms)
  Rendered layout layouts/application.html.erb (Duration: 1.3ms | GC: 0.0ms)
Completed 200 OK in 84ms (Views: 2.4ms | ActiveRecord: 0.2ms (2 queries, 0 cached) | GC: 0.0ms)


Started GET "/items" for 127.0.0.1 at 2025-02-15 14:44:50 -0600
Processing by ItemsController#index as HTML
  [1m[36mUser Load (0.2ms)[0m  [1m[34mSELECT "users".* FROM "users" WHERE "users"."id" = 1 LIMIT 1 /*action='index',application='RobertLightFoot',controller='items'*/[0m
  ↳ app/controllers/application_controller.rb:11:in `current_user'
  Rendering layout layouts/application.html.erb
  Rendering items/index.html.erb within layouts/application
  [1m[36mItem Load (0.2ms)[0m  [1m[34mSELECT "items".* FROM "items" INNER JOIN "bins" ON "bins"."id" = "items"."bin_id" WHERE "bins"."user_id" = 1 /*action='index',application='RobertLightFoot',controller='items'*/[0m
  ↳ app/views/items/index.html.erb:8
  Rendered items/index.html.erb within layouts/application (Duration: 25.1ms | GC: 0.0ms)
  Rendered layout layouts/application.html.erb (Duration: 41.0ms | GC: 0.0ms)
Completed 200 OK in 159ms (Views: 45.7ms | ActiveRecord: 0.4ms (2 queries, 0 cached) | GC: 0.0ms)


Started GET "/items" for 127.0.0.1 at 2025-02-15 14:44:51 -0600
Processing by ItemsController#index as HTML
  [1m[36mUser Load (0.1ms)[0m  [1m[34mSELECT "users".* FROM "users" WHERE "users"."id" = 1 LIMIT 1 /*action='index',application='RobertLightFoot',controller='items'*/[0m
  ↳ app/controllers/application_controller.rb:11:in `current_user'
  Rendering layout layouts/application.html.erb
  Rendering items/index.html.erb within layouts/application
  [1m[36mItem Load (0.3ms)[0m  [1m[34mSELECT "items".* FROM "items" INNER JOIN "bins" ON "bins"."id" = "items"."bin_id" WHERE "bins"."user_id" = 1 /*action='index',application='RobertLightFoot',controller='items'*/[0m
  ↳ app/views/items/index.html.erb:8
  Rendered items/index.html.erb within layouts/application (Duration: 5.8ms | GC: 0.0ms)
  Rendered layout layouts/application.html.erb (Duration: 10.2ms | GC: 0.0ms)
Completed 200 OK in 96ms (Views: 12.7ms | ActiveRecord: 0.4ms (2 queries, 0 cached) | GC: 0.0ms)


Started GET "/dashboard" for 127.0.0.1 at 2025-02-15 14:44:53 -0600
Processing by DashboardController#index as HTML
  [1m[36mUser Load (0.1ms)[0m  [1m[34mSELECT "users".* FROM "users" WHERE "users"."id" = 1 LIMIT 1 /*action='index',application='RobertLightFoot',controller='dashboard'*/[0m
  ↳ app/controllers/application_controller.rb:11:in `current_user'
  [1m[36mBin Count (0.1ms)[0m  [1m[34mSELECT COUNT(*) FROM "bins" WHERE "bins"."user_id" = 1 /*action='index',application='RobertLightFoot',controller='dashboard'*/[0m
  ↳ app/controllers/dashboard_controller.rb:7:in `index'
  Rendering layout layouts/application.html.erb
  Rendering dashboard/index.html.erb within layouts/application
  Rendered dashboard/index.html.erb within layouts/application (Duration: 1.5ms | GC: 0.0ms)
  Rendered layout layouts/application.html.erb (Duration: 7.8ms | GC: 5.3ms)
Completed 200 OK in 128ms (Views: 10.2ms | ActiveRecord: 0.2ms (2 queries, 0 cached) | GC: 5.3ms)


Started GET "/dashboard" for 127.0.0.1 at 2025-02-15 14:44:56 -0600
Processing by DashboardController#index as HTML
  [1m[36mUser Load (0.8ms)[0m  [1m[34mSELECT "users".* FROM "users" WHERE "users"."id" = 1 LIMIT 1 /*action='index',application='RobertLightFoot',controller='dashboard'*/[0m
  ↳ app/controllers/application_controller.rb:11:in `current_user'
  [1m[36mBin Count (0.1ms)[0m  [1m[34mSELECT COUNT(*) FROM "bins" WHERE "bins"."user_id" = 1 /*action='index',application='RobertLightFoot',controller='dashboard'*/[0m
  ↳ app/controllers/dashboard_controller.rb:7:in `index'
  Rendering layout layouts/application.html.erb
  Rendering dashboard/index.html.erb within layouts/application
  Rendered dashboard/index.html.erb within layouts/application (Duration: 0.5ms | GC: 0.0ms)
  Rendered layout layouts/application.html.erb (Duration: 1.3ms | GC: 0.0ms)
Completed 200 OK in 67ms (Views: 2.2ms | ActiveRecord: 0.2ms (2 queries, 0 cached) | GC: 0.0ms)


Started GET "/bins" for 127.0.0.1 at 2025-02-15 14:44:57 -0600
Processing by BinsController#index as HTML
  [1m[36mUser Load (0.2ms)[0m  [1m[34mSELECT "users".* FROM "users" WHERE "users"."id" = 1 LIMIT 1 /*action='index',application='RobertLightFoot',controller='bins'*/[0m
  ↳ app/controllers/application_controller.rb:11:in `current_user'
  Rendering layout layouts/application.html.erb
  Rendering bins/index.html.erb within layouts/application
  Rendered bins/index.html.erb within layouts/application (Duration: 0.4ms | GC: 0.0ms)
  Rendered layout layouts/application.html.erb (Duration: 1.3ms | GC: 0.0ms)
Completed 200 OK in 58ms (Views: 1.6ms | ActiveRecord: 0.2ms (1 query, 0 cached) | GC: 0.0ms)


Started GET "/items" for 127.0.0.1 at 2025-02-15 14:44:57 -0600
Processing by ItemsController#index as HTML
  [1m[36mUser Load (0.1ms)[0m  [1m[34mSELECT "users".* FROM "users" WHERE "users"."id" = 1 LIMIT 1 /*action='index',application='RobertLightFoot',controller='items'*/[0m
  ↳ app/controllers/application_controller.rb:11:in `current_user'
  Rendering layout layouts/application.html.erb
  Rendering items/index.html.erb within layouts/application
  [1m[36mItem Load (0.1ms)[0m  [1m[34mSELECT "items".* FROM "items" INNER JOIN "bins" ON "bins"."id" = "items"."bin_id" WHERE "bins"."user_id" = 1 /*action='index',application='RobertLightFoot',controller='items'*/[0m
  ↳ app/views/items/index.html.erb:8
  Rendered items/index.html.erb within layouts/application (Duration: 3.0ms | GC: 0.0ms)
  Rendered layout layouts/application.html.erb (Duration: 3.9ms | GC: 0.0ms)
Completed 200 OK in 63ms (Views: 4.2ms | ActiveRecord: 0.2ms (2 queries, 0 cached) | GC: 0.0ms)


Started GET "/items" for 127.0.0.1 at 2025-02-15 14:44:58 -0600
Processing by ItemsController#index as HTML
  [1m[36mUser Load (0.2ms)[0m  [1m[34mSELECT "users".* FROM "users" WHERE "users"."id" = 1 LIMIT 1 /*action='index',application='RobertLightFoot',controller='items'*/[0m
  ↳ app/controllers/application_controller.rb:11:in `current_user'
  Rendering layout layouts/application.html.erb
  Rendering items/index.html.erb within layouts/application
  [1m[36mItem Load (0.1ms)[0m  [1m[34mSELECT "items".* FROM "items" INNER JOIN "bins" ON "bins"."id" = "items"."bin_id" WHERE "bins"."user_id" = 1 /*action='index',application='RobertLightFoot',controller='items'*/[0m
  ↳ app/views/items/index.html.erb:8
  Rendered items/index.html.erb within layouts/application (Duration: 1.6ms | GC: 0.0ms)
  Rendered layout layouts/application.html.erb (Duration: 2.3ms | GC: 0.0ms)
Completed 200 OK in 91ms (Views: 4.0ms | ActiveRecord: 0.3ms (2 queries, 0 cached) | GC: 0.7ms)


